eyJhbGciOiJIUzI1NiIsInR5cCI6IkpXVCJ9.eyJ1c2VyTmFtZSI6ImRlbW9Vc2VyMTIzNCIsInBhc3N3b3JkIjoiVXNlclVzZXIxMjQhIiwiaWF0IjoxNjY4ODk4NDMyfQ.9tlCfreiyc4oqnbvTPdG6d2AR0GeLalBiVMy9MBkR8g
